exports[`<AcceptedRequests /> renders correctly 1`] = `
<View
  style={
    Object {
      "backgroundColor": "white",
      "flex": 1,
    }
  }>
  <View
    style={
      Object {
        "backgroundColor": "transparent",
        "flexDirection": "row",
        "marginTop": 20,
      }
    }>
    <Text
      accessible={true}
      allowFontScaling={true}
      ellipsizeMode="tail"
      style={
        Array [
          Object {
            "backgroundColor": "transparent",
            "fontFamily": "HelveticaNeue-Thin",
          },
          Object {
            "backgroundColor": "transparent",
            "flex": 1,
            "fontSize": 20,
            "textAlign": "center",
          },
        ]
      } />
  </View>
  <View>
    <RCTScrollView>
      <View />
    </RCTScrollView>
  </View>
  <Modal
    animationType="none"
    hardwareAccelerated={false}
    onModalHide={[Function]}
    onRequestClose={[Function]}
    transparent={true}
    visible={false}>
    <View
      accessibilityComponentType={undefined}
      accessibilityLabel={undefined}
      accessibilityTraits={undefined}
      accessible={true}
      hitSlop={undefined}
      onLayout={undefined}
      onResponderGrant={[Function]}
      onResponderMove={[Function]}
      onResponderRelease={[Function]}
      onResponderTerminate={[Function]}
      onResponderTerminationRequest={[Function]}
      onStartShouldSetResponder={[Function]}
      style={
        Object {
          "backgroundColor": "black",
          "bottom": 0,
          "height": 1334,
          "left": 0,
          "opacity": 0,
          "position": "absolute",
          "right": 0,
          "top": 0,
          "width": 750,
        }
      }
      testID={undefined} />
    <View
      onModalHide={[Function]}
      pointerEvents="box-none"
      style={
        Object {
          "flex": 1,
          "justifyContent": "flex-end",
          "margin": 0,
          "transform": Array [
            Object {
              "translateY": 0,
            },
          ],
        }
      } />
  </Modal>
</View>
`;
